Drill report for rover-circuit-panelized.kicad_pcb
Created on 2026-06-30T19:13:12

Copper Layer Stackup:
    =============================================================
    L1 :  F.Cu                      front
    L2 :  B.Cu                      back


Drill file 'rover-circuit-panelized-PTH.drl' contains
    plated through holes:
    =============================================================
    T1  0.200mm  0.0079"  (1140 holes))
    T2  0.200mm  0.0079"  (72 holes))
    T3  0.250mm  0.0098"  (84 holes))
    T4  0.300mm  0.0118"  (12 holes))
    T5  0.400mm  0.0157"  (42 holes))
    T6  0.600mm  0.0236"  (24 holes)  (with 24 slots)
    T7  1.000mm  0.0394"  (108 holes))

    Total plated holes count 1482


Drill file 'rover-circuit-panelized-NPTH.drl' contains
    unplated through holes:
    =============================================================
    T1  0.500mm  0.0197"  (120 holes))
    T2  0.650mm  0.0256"  (12 holes))
    T3  2.200mm  0.0866"  (24 holes))
    T4  2.500mm  0.0984"  (12 holes))

    Total unplated holes count 168
